// Vitest Snapshot v1, https://vitest.dev/guide/snapshot.html

exports[`renders pokemon > matches the snapshot 1`] = `
<DocumentFragment>
  <section>
    <section
      class="pokemonDisplayBox"
    >
      <article
        class="pokemonDisplayButton"
        tabindex="0"
      >
        <article
          class="pokemonCard"
        >
          <h2>
            Pikachu
          </h2>
          <img
            alt=""
            src="https://play.pokemonshowdown.com/sprites/ani/pikachu.gif"
          />
          <div
            class="pokemonID"
          >
            #0025
          </div>
          <div
            class="pokeType"
          >
            <section
              class="pokeType PokeTypeBox"
              style="background-color: rgb(248, 208, 48);"
            >
              Electric
            </section>
          </div>
          <div>
            Loading...
          </div>
        </article>
      </article>
      <article
        class="pokemonDisplayButton"
        tabindex="0"
      >
        <article
          class="pokemonCard"
        >
          <h2>
            Staraptor
          </h2>
          <img
            alt=""
            src="https://play.pokemonshowdown.com/sprites/ani/staraptor.gif"
          />
          <div
            class="pokemonID"
          >
            #0398
          </div>
          <div
            class="pokeType"
          >
            <section
              class="pokeType PokeTypeBox"
              style="background-color: rgb(168, 168, 120);"
            >
              Normal
            </section>
            <section
              class="pokeType PokeTypeBox"
              style="background-color: rgb(168, 144, 240);"
            >
              Flying
            </section>
          </div>
          <div>
            Loading...
          </div>
        </article>
      </article>
    </section>
    <div
      class="pageSelector"
    >
      <nav
        aria-label="pagination navigation"
        class="MuiPagination-root MuiPagination-text css-1oj2twp-MuiPagination-root"
      >
        <ul
          class="MuiPagination-ul css-wjh20t-MuiPagination-ul"
        >
          <li>
            <button
              aria-label="Go to previous page"
              class="MuiButtonBase-root Mui-disabled MuiPaginationItem-root MuiPaginationItem-sizeMedium MuiPaginationItem-text MuiPaginationItem-circular Mui-disabled MuiPaginationItem-previousNext css-yuzg60-MuiButtonBase-root-MuiPaginationItem-root"
              disabled=""
              tabindex="-1"
              type="button"
            >
              <svg
                aria-hidden="true"
                class="MuiSvgIcon-root MuiSvgIcon-fontSizeMedium MuiPaginationItem-icon css-g2z002-MuiSvgIcon-root-MuiPaginationItem-icon"
                data-testid="NavigateBeforeIcon"
                focusable="false"
                viewBox="0 0 24 24"
              >
                <path
                  d="M15.41 7.41L14 6l-6 6 6 6 1.41-1.41L10.83 12z"
                />
              </svg>
            </button>
          </li>
          <li>
            <button
              aria-current="true"
              aria-label="page 1"
              class="MuiButtonBase-root MuiPaginationItem-root MuiPaginationItem-sizeMedium MuiPaginationItem-text MuiPaginationItem-circular Mui-selected MuiPaginationItem-page css-yuzg60-MuiButtonBase-root-MuiPaginationItem-root"
              tabindex="0"
              type="button"
            >
              1
              <span
                class="MuiTouchRipple-root css-8je8zh-MuiTouchRipple-root"
              />
            </button>
          </li>
          <li>
            <button
              aria-label="Go to next page"
              class="MuiButtonBase-root Mui-disabled MuiPaginationItem-root MuiPaginationItem-sizeMedium MuiPaginationItem-text MuiPaginationItem-circular Mui-disabled MuiPaginationItem-previousNext css-yuzg60-MuiButtonBase-root-MuiPaginationItem-root"
              disabled=""
              tabindex="-1"
              type="button"
            >
              <svg
                aria-hidden="true"
                class="MuiSvgIcon-root MuiSvgIcon-fontSizeMedium MuiPaginationItem-icon css-g2z002-MuiSvgIcon-root-MuiPaginationItem-icon"
                data-testid="NavigateNextIcon"
                focusable="false"
                viewBox="0 0 24 24"
              >
                <path
                  d="M10 6L8.59 7.41 13.17 12l-4.58 4.59L10 18l6-6z"
                />
              </svg>
            </button>
          </li>
        </ul>
      </nav>
    </div>
  </section>
</DocumentFragment>
`;
